#-----------------------------------------------------------
# Vivado v2023.2.2 (64-bit)
# SW Build 4126759 on Thu Feb  8 23:52:05 MST 2024
# IP Build 4126054 on Fri Feb  9 11:39:09 MST 2024
# SharedData Build 4115275 on Tue Jan 30 00:40:57 MST 2024
# Start of session at: Thu May 30 19:38:45 2024
# Process ID: 9675
# Current directory: /home/cristi/Documents/ACES/RC-Project/Project/LinearImageFiltering.runs/filtering_auto_pc_0_synth_1
# Command line: vivado -log filtering_auto_pc_0.vds -product Vivado -mode batch -messageDb vivado.pb -notrace -source filtering_auto_pc_0.tcl
# Log file: /home/cristi/Documents/ACES/RC-Project/Project/LinearImageFiltering.runs/filtering_auto_pc_0_synth_1/filtering_auto_pc_0.vds
# Journal file: /home/cristi/Documents/ACES/RC-Project/Project/LinearImageFiltering.runs/filtering_auto_pc_0_synth_1/vivado.jou
# Running On: Hephaestion, OS: Linux, CPU Frequency: 3638.907 MHz, CPU Physical cores: 6, Host memory: 16631 MB
#-----------------------------------------------------------
source filtering_auto_pc_0.tcl -notrace
