

================================================================
== Vitis HLS Report for 'LinearImageFilter_Pipeline_ker_rows_loop_ker_cols_loop'
================================================================
* Date:           Wed May  8 18:24:02 2024

* Version:        2023.2.2 (Build 4101106 on Feb  9 2024)
* Project:        work
* Solution:       hls (Vivado IP Flow Target)
* Product family: zynq
* Target device:  xc7z020-clg400-1


================================================================
== Performance Estimates
================================================================
+ Timing: 
    * Summary: 
    +--------+----------+----------+------------+
    |  Clock |  Target  | Estimated| Uncertainty|
    +--------+----------+----------+------------+
    |ap_clk  |  10.00 ns|  7.300 ns|     2.70 ns|
    +--------+----------+----------+------------+

+ Latency: 
    * Summary: 
    +---------+---------+----------+----------+-----+-----+---------+
    |  Latency (cycles) |  Latency (absolute) |  Interval | Pipeline|
    |   min   |   max   |    min   |    max   | min | max |   Type  |
    +---------+---------+----------+----------+-----+-----+---------+
    |        ?|        ?|         ?|         ?|    ?|    ?|       no|
    +---------+---------+----------+----------+-----+-----+---------+

    + Detail: 
        * Instance: 
        N/A

        * Loop: 
        +-------------------------------+---------+---------+----------+-----------+-----------+------+----------+
        |                               |  Latency (cycles) | Iteration|  Initiation Interval  | Trip |          |
        |           Loop Name           |   min   |   max   |  Latency |  achieved |   target  | Count| Pipelined|
        +-------------------------------+---------+---------+----------+-----------+-----------+------+----------+
        |- ker_rows_loop_ker_cols_loop  |        ?|        ?|        26|          5|          1|     ?|       yes|
        +-------------------------------+---------+---------+----------+-----------+-----------+------+----------+



================================================================
== Utilization Estimates
================================================================
* Summary: 
+-----------------+---------+-----+--------+-------+-----+
|       Name      | BRAM_18K| DSP |   FF   |  LUT  | URAM|
+-----------------+---------+-----+--------+-------+-----+
|DSP              |        -|    -|       -|      -|    -|
|Expression       |        -|    -|       0|   1494|    -|
|FIFO             |        -|    -|       -|      -|    -|
|Instance         |        -|    8|     466|    758|    -|
|Memory           |        -|    -|       -|      -|    -|
|Multiplexer      |        -|    -|       -|    225|    -|
|Register         |        -|    -|    1208|     64|    -|
+-----------------+---------+-----+--------+-------+-----+
|Total            |        0|    8|    1674|   2541|    0|
+-----------------+---------+-----+--------+-------+-----+
|Available        |      280|  220|  106400|  53200|    0|
+-----------------+---------+-----+--------+-------+-----+
|Utilization (%)  |        0|    3|       1|      4|    0|
+-----------------+---------+-----+--------+-------+-----+

+ Detail: 
    * Instance: 
    +-----------------------------------+--------------------------------+---------+----+-----+-----+-----+
    |              Instance             |             Module             | BRAM_18K| DSP|  FF | LUT | URAM|
    +-----------------------------------+--------------------------------+---------+----+-----+-----+-----+
    |fadd_32ns_32ns_32_5_full_dsp_1_U1  |fadd_32ns_32ns_32_5_full_dsp_1  |        0|   2|  205|  390|    0|
    |fmul_32ns_32ns_32_4_max_dsp_1_U2   |fmul_32ns_32ns_32_4_max_dsp_1   |        0|   3|  143|  321|    0|
    |mul_30s_30s_30_2_1_U3              |mul_30s_30s_30_2_1              |        0|   3|  118|   47|    0|
    +-----------------------------------+--------------------------------+---------+----+-----+-----+-----+
    |Total                              |                                |        0|   8|  466|  758|    0|
    +-----------------------------------+--------------------------------+---------+----+-----+-----+-----+

    * DSP: 
    N/A

    * Memory: 
    N/A

    * FIFO: 
    N/A

    * Expression: 
    +-----------------------------------+----------+----+---+----+------------+------------+
    |           Variable Name           | Operation| DSP| FF| LUT| Bitwidth P0| Bitwidth P1|
    +-----------------------------------+----------+----+---+----+------------+------------+
    |add_ln27_1_fu_339_p2               |         +|   0|  0|  39|          32|           1|
    |add_ln27_fu_322_p2                 |         +|   0|  0|  71|          64|           1|
    |add_ln29_fu_659_p2                 |         +|   0|  0|  39|          32|           1|
    |add_ln39_1_fu_690_p2               |         +|   0|  0|  39|          32|          32|
    |add_ln39_2_fu_621_p2               |         +|   0|  0|  37|          30|          30|
    |add_ln39_3_fu_634_p2               |         +|   0|  0|  39|          32|          32|
    |add_ln39_fu_677_p2                 |         +|   0|  0|  37|          30|          30|
    |add_ln79_fu_587_p2                 |         +|   0|  0|  30|          30|           2|
    |add_ln87_fu_608_p2                 |         +|   0|  0|  30|          30|           2|
    |newCol_2_fu_529_p2                 |         +|   0|  0|  39|          32|           2|
    |newCol_fu_417_p2                   |         +|   0|  0|  32|          32|          32|
    |newRow_3_fu_496_p2                 |         +|   0|  0|  39|          32|           2|
    |newRow_fu_359_p2                   |         +|   0|  0|  39|          32|          32|
    |neg1_fu_512_p2                     |         -|   0|  0|  39|           1|          32|
    |neg_fu_479_p2                      |         -|   0|  0|  39|           1|          32|
    |newCol_4_fu_613_p2                 |         -|   0|  0|  30|          30|          30|
    |newRow_4_fu_592_p2                 |         -|   0|  0|  30|          30|          30|
    |sub_ln32_fu_413_p2                 |         -|   0|  0|  32|          32|          32|
    |ap_block_pp0_stage0_11001          |       and|   0|  0|   2|           1|           1|
    |ap_block_pp0_stage1_01001          |       and|   0|  0|   2|           1|           1|
    |ap_block_state14_pp0_stage3_iter2  |       and|   0|  0|   2|           1|           1|
    |ap_block_state17_pp0_stage1_iter3  |       and|   0|  0|   2|           1|           1|
    |ap_block_state6_io                 |       and|   0|  0|   2|           1|           1|
    |ap_block_state9_io                 |       and|   0|  0|   2|           1|           1|
    |ap_condition_457                   |       and|   0|  0|   2|           1|           1|
    |ap_condition_462                   |       and|   0|  0|   2|           1|           1|
    |ap_condition_472                   |       and|   0|  0|   2|           1|           1|
    |ap_condition_815                   |       and|   0|  0|   2|           1|           1|
    |abscond2_fu_517_p2                 |      icmp|   0|  0|  39|          32|           1|
    |abscond_fu_484_p2                  |      icmp|   0|  0|  39|          32|           1|
    |icmp_ln27_fu_317_p2                |      icmp|   0|  0|  71|          64|          64|
    |icmp_ln29_fu_334_p2                |      icmp|   0|  0|  39|          32|          32|
    |icmp_ln50_fu_453_p2                |      icmp|   0|  0|  39|          32|          32|
    |icmp_ln67_fu_559_p2                |      icmp|   0|  0|  39|          32|          32|
    |icmp_ln77_fu_577_p2                |      icmp|   0|  0|  39|          32|          32|
    |icmp_ln85_fu_604_p2                |      icmp|   0|  0|  39|          32|          32|
    |ult42_fu_395_p2                    |      icmp|   0|  0|  39|          32|          32|
    |ult_fu_439_p2                      |      icmp|   0|  0|  39|          32|          32|
    |ap_block_pp0_stage3_11001          |        or|   0|  0|   2|           1|           1|
    |ap_predicate_op136_readreq_state6  |        or|   0|  0|   2|           1|           1|
    |ap_predicate_op151_readreq_state9  |        or|   0|  0|   2|           1|           1|
    |ap_predicate_op162_read_state14    |        or|   0|  0|   2|           1|           1|
    |ap_predicate_op165_read_state17    |        or|   0|  0|   2|           1|           1|
    |or_ln50_1_fu_473_p2                |        or|   0|  0|   2|           1|           1|
    |or_ln50_2_fu_463_p2                |        or|   0|  0|   2|           1|           1|
    |or_ln50_fu_468_p2                  |        or|   0|  0|   2|           1|           1|
    |abs3_fu_522_p3                     |    select|   0|  0|  32|           1|          32|
    |abs_fu_489_p3                      |    select|   0|  0|  32|           1|          32|
    |empty_40_fu_379_p3                 |    select|   0|  0|  31|           1|           1|
    |newCol_1_fu_570_p3                 |    select|   0|  0|  30|           1|          30|
    |newCol_3_fu_535_p3                 |    select|   0|  0|  32|           1|          32|
    |newRow_1_fu_502_p3                 |    select|   0|  0|  32|           1|          32|
    |newRow_2_fu_406_p3                 |    select|   0|  0|  30|           1|          30|
    |newRow_5_fu_597_p3                 |    select|   0|  0|  30|           1|          30|
    |select_ln25_fu_353_p3              |    select|   0|  0|  32|           1|           1|
    |select_ln27_fu_345_p3              |    select|   0|  0|  32|           1|          32|
    |select_ln63_fu_545_p3              |    select|   0|  0|  31|           1|           1|
    |ap_enable_pp0                      |       xor|   0|  0|   2|           1|           2|
    |rev43_fu_400_p2                    |       xor|   0|  0|   2|           1|           2|
    |rev_fu_443_p2                      |       xor|   0|  0|   2|           1|           2|
    |xor_ln50_fu_457_p2                 |       xor|   0|  0|   2|           1|           2|
    |xor_ln67_fu_564_p2                 |       xor|   0|  0|   2|           1|           2|
    |xor_ln77_fu_581_p2                 |       xor|   0|  0|   2|           1|           2|
    +-----------------------------------+----------+----+---+----+------------+------------+
    |Total                              |          |   0|  0|1494|         921|         928|
    +-----------------------------------+----------+----+---+----+------------+------------+

    * Multiplexer: 
    +------------------------------------------+----+-----------+-----+-----------+
    |                   Name                   | LUT| Input Size| Bits| Total Bits|
    +------------------------------------------+----+-----------+-----+-----------+
    |ap_NS_fsm                                 |  31|          6|    1|          6|
    |ap_done_int                               |   9|          2|    1|          2|
    |ap_enable_reg_pp0_iter0                   |   9|          2|    1|          2|
    |ap_enable_reg_pp0_iter1                   |   9|          2|    1|          2|
    |ap_enable_reg_pp0_iter5                   |   9|          2|    1|          2|
    |ap_loop_exit_ready_pp0_iter1_reg          |   9|          2|    1|          2|
    |ap_loop_exit_ready_pp0_iter2_reg          |   9|          2|    1|          2|
    |ap_loop_exit_ready_pp0_iter3_reg          |   9|          2|    1|          2|
    |ap_loop_exit_ready_pp0_iter4_reg          |   9|          2|    1|          2|
    |ap_phi_reg_pp0_iter0_newCol_5_ph_reg_245  |   9|          2|   30|         60|
    |ap_phi_reg_pp0_iter0_newRow_5_ph_reg_259  |   9|          2|   30|         60|
    |ap_phi_reg_pp0_iter1_newCol_5_ph_reg_245  |  14|          3|   30|         90|
    |ap_phi_reg_pp0_iter1_newRow_5_ph_reg_259  |   9|          2|   30|         60|
    |ap_sig_allocacmp_sum_load_1               |   9|          2|   32|         64|
    |i_fu_112                                  |   9|          2|   32|         64|
    |image_in_blk_n_AR                         |   9|          2|    1|          2|
    |image_in_blk_n_R                          |   9|          2|    1|          2|
    |indvar_flatten_fu_116                     |   9|          2|   64|        128|
    |j_fu_108                                  |   9|          2|   32|         64|
    |kernel_blk_n_AR                           |   9|          2|    1|          2|
    |kernel_blk_n_R                            |   9|          2|    1|          2|
    |sum_fu_120                                |   9|          2|   32|         64|
    +------------------------------------------+----+-----------+-----+-----------+
    |Total                                     | 225|         49|  325|        684|
    +------------------------------------------+----+-----------+-----+-----------+

    * Register: 
    +------------------------------------------+----+----+-----+-----------+
    |                   Name                   | FF | LUT| Bits| Const Bits|
    +------------------------------------------+----+----+-----+-----------+
    |add_ln27_reg_847                          |  64|   0|   64|          0|
    |ap_CS_fsm                                 |   5|   0|    5|          0|
    |ap_done_reg                               |   1|   0|    1|          0|
    |ap_enable_reg_pp0_iter0_reg               |   1|   0|    1|          0|
    |ap_enable_reg_pp0_iter1                   |   1|   0|    1|          0|
    |ap_enable_reg_pp0_iter2                   |   1|   0|    1|          0|
    |ap_enable_reg_pp0_iter3                   |   1|   0|    1|          0|
    |ap_enable_reg_pp0_iter4                   |   1|   0|    1|          0|
    |ap_enable_reg_pp0_iter5                   |   1|   0|    1|          0|
    |ap_loop_exit_ready_pp0_iter1_reg          |   1|   0|    1|          0|
    |ap_loop_exit_ready_pp0_iter2_reg          |   1|   0|    1|          0|
    |ap_loop_exit_ready_pp0_iter3_reg          |   1|   0|    1|          0|
    |ap_loop_exit_ready_pp0_iter4_reg          |   1|   0|    1|          0|
    |ap_phi_reg_pp0_iter0_newCol_5_ph_reg_245  |  30|   0|   30|          0|
    |ap_phi_reg_pp0_iter0_newRow_5_ph_reg_259  |  30|   0|   30|          0|
    |ap_phi_reg_pp0_iter1_newCol_5_ph_reg_245  |  30|   0|   30|          0|
    |ap_phi_reg_pp0_iter1_newRow_5_ph_reg_259  |  30|   0|   30|          0|
    |ap_predicate_pred208_state6               |   1|   0|    1|          0|
    |empty_38_reg_884                          |  30|   0|   30|          0|
    |i_fu_112                                  |  32|   0|   32|          0|
    |icmp_ln27_reg_843                         |   1|   0|    1|          0|
    |icmp_ln29_reg_857                         |   1|   0|    1|          0|
    |image_in_addr_read_reg_1009               |  32|   0|   32|          0|
    |indvar_flatten_fu_116                     |  64|   0|   64|          0|
    |j_fu_108                                  |  32|   0|   32|          0|
    |j_load_reg_852                            |  32|   0|   32|          0|
    |kernel_addr_read_reg_1004                 |  32|   0|   32|          0|
    |mul_ln39_reg_988                          |  30|   0|   30|          0|
    |mul_reg_1024                              |  32|   0|   32|          0|
    |newCol_3_reg_946                          |  32|   0|   32|          0|
    |newCol_5_ph_reg_245                       |  30|   0|   30|          0|
    |newCol_reg_900                            |  32|   0|   32|          0|
    |newRow_1_reg_935                          |  32|   0|   32|          0|
    |newRow_2_reg_895                          |  30|   0|   30|          0|
    |newRow_reg_875                            |  32|   0|   32|          0|
    |or_ln50_1_reg_931                         |   1|   0|    1|          0|
    |p_cast3_reg_838                           |  31|   0|   32|          1|
    |select_ln25_reg_869                       |  32|   0|   32|          0|
    |select_ln27_reg_862                       |  32|   0|   32|          0|
    |sum_1_reg_1034                            |  32|   0|   32|          0|
    |sum_fu_120                                |  32|   0|   32|          0|
    |tmp_3_reg_889                             |   1|   0|    1|          0|
    |tmp_4_reg_919                             |   1|   0|    1|          0|
    |trunc_ln31_reg_940                        |  30|   0|   30|          0|
    |trunc_ln32_1_reg_914                      |  31|   0|   31|          0|
    |trunc_ln32_2_reg_951                      |  30|   0|   30|          0|
    |trunc_ln32_reg_909                        |  30|   0|   30|          0|
    |trunc_ln39_1_reg_993                      |  30|   0|   30|          0|
    |trunc_ln39_4_reg_977                      |  30|   0|   30|          0|
    |trunc_ln39_reg_926                        |  30|   0|   30|          0|
    |icmp_ln27_reg_843                         |  64|  32|    1|          0|
    |or_ln50_1_reg_931                         |  64|  32|    1|          0|
    +------------------------------------------+----+----+-----+-----------+
    |Total                                     |1208|  64| 1083|          1|
    +------------------------------------------+----+----+-----+-----------+



================================================================
== Interface
================================================================
* Summary: 
+-------------------------+-----+-----+------------+--------------------------------------------------------+--------------+
|        RTL Ports        | Dir | Bits|  Protocol  |                      Source Object                     |    C Type    |
+-------------------------+-----+-----+------------+--------------------------------------------------------+--------------+
|ap_clk                   |   in|    1|  ap_ctrl_hs|  LinearImageFilter_Pipeline_ker_rows_loop_ker_cols_loop|  return value|
|ap_rst                   |   in|    1|  ap_ctrl_hs|  LinearImageFilter_Pipeline_ker_rows_loop_ker_cols_loop|  return value|
|ap_start                 |   in|    1|  ap_ctrl_hs|  LinearImageFilter_Pipeline_ker_rows_loop_ker_cols_loop|  return value|
|ap_done                  |  out|    1|  ap_ctrl_hs|  LinearImageFilter_Pipeline_ker_rows_loop_ker_cols_loop|  return value|
|ap_idle                  |  out|    1|  ap_ctrl_hs|  LinearImageFilter_Pipeline_ker_rows_loop_ker_cols_loop|  return value|
|ap_ready                 |  out|    1|  ap_ctrl_hs|  LinearImageFilter_Pipeline_ker_rows_loop_ker_cols_loop|  return value|
|grp_fu_235_p_din0        |  out|   32|  ap_ctrl_hs|  LinearImageFilter_Pipeline_ker_rows_loop_ker_cols_loop|  return value|
|grp_fu_235_p_din1        |  out|   32|  ap_ctrl_hs|  LinearImageFilter_Pipeline_ker_rows_loop_ker_cols_loop|  return value|
|grp_fu_235_p_dout0       |   in|   32|  ap_ctrl_hs|  LinearImageFilter_Pipeline_ker_rows_loop_ker_cols_loop|  return value|
|grp_fu_235_p_ce          |  out|    1|  ap_ctrl_hs|  LinearImageFilter_Pipeline_ker_rows_loop_ker_cols_loop|  return value|
|m_axi_kernel_AWVALID     |  out|    1|       m_axi|                                                  kernel|       pointer|
|m_axi_kernel_AWREADY     |   in|    1|       m_axi|                                                  kernel|       pointer|
|m_axi_kernel_AWADDR      |  out|   32|       m_axi|                                                  kernel|       pointer|
|m_axi_kernel_AWID        |  out|    1|       m_axi|                                                  kernel|       pointer|
|m_axi_kernel_AWLEN       |  out|   32|       m_axi|                                                  kernel|       pointer|
|m_axi_kernel_AWSIZE      |  out|    3|       m_axi|                                                  kernel|       pointer|
|m_axi_kernel_AWBURST     |  out|    2|       m_axi|                                                  kernel|       pointer|
|m_axi_kernel_AWLOCK      |  out|    2|       m_axi|                                                  kernel|       pointer|
|m_axi_kernel_AWCACHE     |  out|    4|       m_axi|                                                  kernel|       pointer|
|m_axi_kernel_AWPROT      |  out|    3|       m_axi|                                                  kernel|       pointer|
|m_axi_kernel_AWQOS       |  out|    4|       m_axi|                                                  kernel|       pointer|
|m_axi_kernel_AWREGION    |  out|    4|       m_axi|                                                  kernel|       pointer|
|m_axi_kernel_AWUSER      |  out|    1|       m_axi|                                                  kernel|       pointer|
|m_axi_kernel_WVALID      |  out|    1|       m_axi|                                                  kernel|       pointer|
|m_axi_kernel_WREADY      |   in|    1|       m_axi|                                                  kernel|       pointer|
|m_axi_kernel_WDATA       |  out|   32|       m_axi|                                                  kernel|       pointer|
|m_axi_kernel_WSTRB       |  out|    4|       m_axi|                                                  kernel|       pointer|
|m_axi_kernel_WLAST       |  out|    1|       m_axi|                                                  kernel|       pointer|
|m_axi_kernel_WID         |  out|    1|       m_axi|                                                  kernel|       pointer|
|m_axi_kernel_WUSER       |  out|    1|       m_axi|                                                  kernel|       pointer|
|m_axi_kernel_ARVALID     |  out|    1|       m_axi|                                                  kernel|       pointer|
|m_axi_kernel_ARREADY     |   in|    1|       m_axi|                                                  kernel|       pointer|
|m_axi_kernel_ARADDR      |  out|   32|       m_axi|                                                  kernel|       pointer|
|m_axi_kernel_ARID        |  out|    1|       m_axi|                                                  kernel|       pointer|
|m_axi_kernel_ARLEN       |  out|   32|       m_axi|                                                  kernel|       pointer|
|m_axi_kernel_ARSIZE      |  out|    3|       m_axi|                                                  kernel|       pointer|
|m_axi_kernel_ARBURST     |  out|    2|       m_axi|                                                  kernel|       pointer|
|m_axi_kernel_ARLOCK      |  out|    2|       m_axi|                                                  kernel|       pointer|
|m_axi_kernel_ARCACHE     |  out|    4|       m_axi|                                                  kernel|       pointer|
|m_axi_kernel_ARPROT      |  out|    3|       m_axi|                                                  kernel|       pointer|
|m_axi_kernel_ARQOS       |  out|    4|       m_axi|                                                  kernel|       pointer|
|m_axi_kernel_ARREGION    |  out|    4|       m_axi|                                                  kernel|       pointer|
|m_axi_kernel_ARUSER      |  out|    1|       m_axi|                                                  kernel|       pointer|
|m_axi_kernel_RVALID      |   in|    1|       m_axi|                                                  kernel|       pointer|
|m_axi_kernel_RREADY      |  out|    1|       m_axi|                                                  kernel|       pointer|
|m_axi_kernel_RDATA       |   in|   32|       m_axi|                                                  kernel|       pointer|
|m_axi_kernel_RLAST       |   in|    1|       m_axi|                                                  kernel|       pointer|
|m_axi_kernel_RID         |   in|    1|       m_axi|                                                  kernel|       pointer|
|m_axi_kernel_RFIFONUM    |   in|    9|       m_axi|                                                  kernel|       pointer|
|m_axi_kernel_RUSER       |   in|    1|       m_axi|                                                  kernel|       pointer|
|m_axi_kernel_RRESP       |   in|    2|       m_axi|                                                  kernel|       pointer|
|m_axi_kernel_BVALID      |   in|    1|       m_axi|                                                  kernel|       pointer|
|m_axi_kernel_BREADY      |  out|    1|       m_axi|                                                  kernel|       pointer|
|m_axi_kernel_BRESP       |   in|    2|       m_axi|                                                  kernel|       pointer|
|m_axi_kernel_BID         |   in|    1|       m_axi|                                                  kernel|       pointer|
|m_axi_kernel_BUSER       |   in|    1|       m_axi|                                                  kernel|       pointer|
|m_axi_image_in_AWVALID   |  out|    1|       m_axi|                                                image_in|       pointer|
|m_axi_image_in_AWREADY   |   in|    1|       m_axi|                                                image_in|       pointer|
|m_axi_image_in_AWADDR    |  out|   32|       m_axi|                                                image_in|       pointer|
|m_axi_image_in_AWID      |  out|    1|       m_axi|                                                image_in|       pointer|
|m_axi_image_in_AWLEN     |  out|   32|       m_axi|                                                image_in|       pointer|
|m_axi_image_in_AWSIZE    |  out|    3|       m_axi|                                                image_in|       pointer|
|m_axi_image_in_AWBURST   |  out|    2|       m_axi|                                                image_in|       pointer|
|m_axi_image_in_AWLOCK    |  out|    2|       m_axi|                                                image_in|       pointer|
|m_axi_image_in_AWCACHE   |  out|    4|       m_axi|                                                image_in|       pointer|
|m_axi_image_in_AWPROT    |  out|    3|       m_axi|                                                image_in|       pointer|
|m_axi_image_in_AWQOS     |  out|    4|       m_axi|                                                image_in|       pointer|
|m_axi_image_in_AWREGION  |  out|    4|       m_axi|                                                image_in|       pointer|
|m_axi_image_in_AWUSER    |  out|    1|       m_axi|                                                image_in|       pointer|
|m_axi_image_in_WVALID    |  out|    1|       m_axi|                                                image_in|       pointer|
|m_axi_image_in_WREADY    |   in|    1|       m_axi|                                                image_in|       pointer|
|m_axi_image_in_WDATA     |  out|   32|       m_axi|                                                image_in|       pointer|
|m_axi_image_in_WSTRB     |  out|    4|       m_axi|                                                image_in|       pointer|
|m_axi_image_in_WLAST     |  out|    1|       m_axi|                                                image_in|       pointer|
|m_axi_image_in_WID       |  out|    1|       m_axi|                                                image_in|       pointer|
|m_axi_image_in_WUSER     |  out|    1|       m_axi|                                                image_in|       pointer|
|m_axi_image_in_ARVALID   |  out|    1|       m_axi|                                                image_in|       pointer|
|m_axi_image_in_ARREADY   |   in|    1|       m_axi|                                                image_in|       pointer|
|m_axi_image_in_ARADDR    |  out|   32|       m_axi|                                                image_in|       pointer|
|m_axi_image_in_ARID      |  out|    1|       m_axi|                                                image_in|       pointer|
|m_axi_image_in_ARLEN     |  out|   32|       m_axi|                                                image_in|       pointer|
|m_axi_image_in_ARSIZE    |  out|    3|       m_axi|                                                image_in|       pointer|
|m_axi_image_in_ARBURST   |  out|    2|       m_axi|                                                image_in|       pointer|
|m_axi_image_in_ARLOCK    |  out|    2|       m_axi|                                                image_in|       pointer|
|m_axi_image_in_ARCACHE   |  out|    4|       m_axi|                                                image_in|       pointer|
|m_axi_image_in_ARPROT    |  out|    3|       m_axi|                                                image_in|       pointer|
|m_axi_image_in_ARQOS     |  out|    4|       m_axi|                                                image_in|       pointer|
|m_axi_image_in_ARREGION  |  out|    4|       m_axi|                                                image_in|       pointer|
|m_axi_image_in_ARUSER    |  out|    1|       m_axi|                                                image_in|       pointer|
|m_axi_image_in_RVALID    |   in|    1|       m_axi|                                                image_in|       pointer|
|m_axi_image_in_RREADY    |  out|    1|       m_axi|                                                image_in|       pointer|
|m_axi_image_in_RDATA     |   in|   32|       m_axi|                                                image_in|       pointer|
|m_axi_image_in_RLAST     |   in|    1|       m_axi|                                                image_in|       pointer|
|m_axi_image_in_RID       |   in|    1|       m_axi|                                                image_in|       pointer|
|m_axi_image_in_RFIFONUM  |   in|    9|       m_axi|                                                image_in|       pointer|
|m_axi_image_in_RUSER     |   in|    1|       m_axi|                                                image_in|       pointer|
|m_axi_image_in_RRESP     |   in|    2|       m_axi|                                                image_in|       pointer|
|m_axi_image_in_BVALID    |   in|    1|       m_axi|                                                image_in|       pointer|
|m_axi_image_in_BREADY    |  out|    1|       m_axi|                                                image_in|       pointer|
|m_axi_image_in_BRESP     |   in|    2|       m_axi|                                                image_in|       pointer|
|m_axi_image_in_BID       |   in|    1|       m_axi|                                                image_in|       pointer|
|m_axi_image_in_BUSER     |   in|    1|       m_axi|                                                image_in|       pointer|
|mul_ln7                  |   in|   64|     ap_none|                                                 mul_ln7|        scalar|
|empty_26                 |   in|    3|     ap_none|                                                empty_26|        scalar|
|kernel_size_r            |   in|   32|     ap_none|                                           kernel_size_r|        scalar|
|add                      |   in|   32|     ap_none|                                                     add|        scalar|
|rows                     |   in|   32|     ap_none|                                                    rows|        scalar|
|sub_i                    |   in|   30|     ap_none|                                                   sub_i|        scalar|
|col                      |   in|   32|     ap_none|                                                     col|        scalar|
|empty_27                 |   in|   31|     ap_none|                                                empty_27|        scalar|
|cols                     |   in|   32|     ap_none|                                                    cols|        scalar|
|empty                    |   in|   30|     ap_none|                                                   empty|        scalar|
|image_in_offset          |   in|   32|     ap_none|                                         image_in_offset|        scalar|
|kernel_offset            |   in|   32|     ap_none|                                           kernel_offset|        scalar|
|sub16_i                  |   in|   30|     ap_none|                                                 sub16_i|        scalar|
|mul_i                    |   in|   30|     ap_none|                                                   mul_i|        scalar|
|mul35_i                  |   in|   30|     ap_none|                                                 mul35_i|        scalar|
|sum_1_out                |  out|   32|      ap_vld|                                               sum_1_out|       pointer|
|sum_1_out_ap_vld         |  out|    1|      ap_vld|                                               sum_1_out|       pointer|
+-------------------------+-----+-----+------------+--------------------------------------------------------+--------------+

